// Jest Snapshot v1, https://goo.gl/fbAQLP

exports[`Loading renders correctly 1`] = `
<ActivityIndicator
  animating={true}
  color="#000"
  hidesWhenStopped={true}
  size="small"
/>
`;
